[we.graphics/demo/avenir/index.html]
[backblue.gif]
[fade.gif]
[index.html]
[we.graphics/demo/avenir/favicon.ico]
[we.graphics/demo/avenir/images/favicon.png]
[we.graphics/demo/avenir/css/maximage.css]
[we.graphics/demo/avenir/css/styles.css]
[we.graphics/demo/avenir/images/icon-facebook.png]
[we.graphics/demo/avenir/images/icon-twitter.png]
[we.graphics/demo/avenir/images/icon-google.png]
[we.graphics/demo/avenir/images/icon-dribbble.png]
[we.graphics/demo/avenir/images/icon-linkedin.png]
[we.graphics/demo/avenir/images/icon-pinterest.png]
[we.graphics/demo/avenir/images/arrow-left.png]
[we.graphics/demo/avenir/images/arrow-right.png]
[we.graphics/demo/avenir/images/backgrounds/bg-img-1.jpg]
[we.graphics/demo/avenir/images/backgrounds/gradient.png]
[we.graphics/demo/avenir/images/backgrounds/bg-img-2.jpg]
[we.graphics/demo/avenir/images/backgrounds/bg-img-3.jpg]
[we.graphics/demo/avenir/images/backgrounds/bg-img-4.jpg]
[we.graphics/demo/avenir/images/backgrounds/bg-img-5.jpg]
[we.graphics/cdn-cgi/scripts/5c5dd728/cloudflare-static/email-decode.min.js]
[ajax.googleapis.com/ajax/libs/jquery/1.8.3/jquery.js]
[we.graphics/demo/avenir/js/jquery.easing.min.js]
[we.graphics/demo/avenir/js/jquery.cycle.all.js]
[we.graphics/demo/avenir/js/jquery.maximage.js]
[we.graphics/demo/avenir/js/jquery.fullscreen.js]
[we.graphics/demo/avenir/js/jquery.ba-hashchange.js]
[we.graphics/demo/avenir/index.html]
[we.graphics/demo/avenir/favicon.html]
[we.graphics/demo/avenir/images/favicon.html]
[we.graphics/demo/avenir/css/maximage.css]
[we.graphics/demo/avenir/js/main.js]
[we.graphics/demo/avenir/images/full-screen-btn.png]
[we.graphics/demo/avenir/css/styles.css]
